// Jest Snapshot v1, https://goo.gl/fbAQLP

exports[`Bucketlists matches its snapshot 1`] = `
<div
  className="container"
>
  <ToastContainer
    autoClose={5000}
    bodyClassName=""
    className={null}
    closeButton={<DefaultCloseButton />}
    closeOnClick={true}
    hideProgressBar={false}
    newestOnTop={false}
    pauseOnHover={true}
    position="top-right"
    progressClassName=""
    style={null}
    toastClassName=""
    transition={[Function]}
  />
  <div>
    <SearchBar
      onSearchTermChange={[Function]}
    />
  </div>
  <div
    className="jumbotron"
  >
    <div
      className="text-right"
    >
      <Link
        className="btn btn-primary"
        replace={false}
        to="/bucketlists/new"
      >
        Add a bucketlist
      </Link>
    </div>
    <div
      className="text-left"
    />
    <h3>
      Bucketlists table
    </h3>
    <table
      className="table table-bordered"
    >
      <tbody />
    </table>
    <Paginate
      onNext={[Function]}
      onPrev={[Function]}
    />
  </div>
</div>
`;
