// Jest Snapshot v1, https://goo.gl/fbAQLP

exports[`LoginForm Matches its snapshot 1`] = `
<div
  className="container"
>
  <ToastContainer
    autoClose={5000}
    bodyClassName=""
    className={null}
    closeButton={<DefaultCloseButton />}
    closeOnClick={true}
    hideProgressBar={false}
    newestOnTop={false}
    pauseOnHover={true}
    position="top-right"
    progressClassName=""
    style={null}
    toastClassName=""
    transition={[Function]}
  />
  <h3>
     Login 
  </h3>
  <br />
  <form>
    <Field
      component={[Function]}
      label="Username"
      name="username"
      typoe="input"
    />
    <Field
      component={[Function]}
      label="Password"
      name="password"
      type="password"
    />
    <button
      className="btn btn-primary"
      type="submit"
    >
      Submit
    </button>
    <Link
      className="btn btn-danger"
      replace={false}
      to="/"
    >
      Cancel
    </Link>
  </form>
</div>
`;
